ngs-qc-flow 0.2.0-r1
2026-06-13T20:48:52+0800 initializing output directory: example-out
2026-06-13T20:48:52+0800 validated 2 sample(s)
2026-06-13T20:48:52+0800 START raw_seqkit_stats
2026-06-13T20:48:53+0800 DONE  raw_seqkit_stats
2026-06-13T20:48:53+0800 START raw_fastqc.P1
2026-06-13T20:48:56+0800 DONE  raw_fastqc.P1
2026-06-13T20:48:56+0800 START raw_fastqc.S2
2026-06-13T20:48:58+0800 DONE  raw_fastqc.S2
2026-06-13T20:48:58+0800 START fastp.P1
2026-06-13T20:48:59+0800 DONE  fastp.P1
2026-06-13T20:48:59+0800 START fastp.S2
2026-06-13T20:49:01+0800 DONE  fastp.S2
2026-06-13T20:49:01+0800 START clean_seqkit_stats
2026-06-13T20:49:02+0800 DONE  clean_seqkit_stats
2026-06-13T20:49:02+0800 START clean_fastqc.P1
2026-06-13T20:49:05+0800 DONE  clean_fastqc.P1
2026-06-13T20:49:05+0800 START clean_fastqc.S2
2026-06-13T20:49:07+0800 DONE  clean_fastqc.S2
2026-06-13T20:49:07+0800 START multiqc
2026-06-13T20:49:10+0800 DONE  multiqc
2026-06-13T20:50:25+0800 completed ngs-qc-flow 0.2.0-r1
